python : INFO: Created TensorFlow Lite XNNPACK delegate for CPU.
At line:1 char:1
+ python run_test_mode.py 2>&1 | Tee-Object test_output.txt | Select-St ...
+ ~~~~~~~~~~~~~~~~~~~~~~~~~~~~
    + CategoryInfo          : NotSpecified: (INFO: Created T...legate for CPU.:Stri 
   ng) [], RemoteException
    + FullyQualifiedErrorId : NativeCommandError
 
WARNING: All log messages before absl::InitializeLog() is called are written to 
STDERR
W0000 00:00:1763210275.424000   19992 inference_feedback_manager.cc:114] Feedback 
manager requires a model with a single signature inference. Disabling support for 
feedback tensors.
W0000 00:00:1763210275.442753   19992 inference_feedback_manager.cc:114] Feedback 
manager requires a model with a single signature inference. Disabling support for 
feedback tensors.
W0000 00:00:1763210307.289950   20364 landmark_projection_calculator.cc:186] Using 
NORM_RECT without IMAGE_DIMENSIONS is only supported for the square ROI. Provide 
IMAGE_DIMENSIONS or use PROJECTION_MATRIX.
============================================================
Nuclear Waste Cleaning Arm - Test Mode
============================================================

Initializing pose detector...
Loading YOLO model from model_assets/yolo11n-pose.pt
Γ£ô Detector ready
Γ£ô MediaPipe hands initialized

Opening camera...
Γ£ô Camera opened

============================================================
POSE DETECTION ACTIVE
============================================================
Move your arm to see real-time angle calculations
Press 'q' in the window to quit

[DEBUG] Wrist keypoint not available or low confidence
Pose: UNKNOWN | Shoulder: 0.0┬░ | Elbow: 0.0┬░ | Wrist: 0.0┬░ | Grip: 0┬░
[DEBUG] Wrist keypoint not available or low confidence
[DEBUG] Wrist detected: conf=0.39
[DEBUG] Crop ROI: (0,0) to (60,60), size=120x120
[DEBUG] No hand landmarks detected in crop
[DEBUG] Wrist detected: conf=0.33
[DEBUG] Crop ROI: (0,0) to (60,60), size=120x120
[DEBUG] No hand landmarks detected in crop
[DEBUG] Wrist detected: conf=0.32
[DEBUG] Crop ROI: (0,0) to (60,60), size=120x120
[DEBUG] No hand landmarks detected in crop
[DEBUG] Wrist detected: conf=0.22
[DEBUG] Crop ROI: (0,0) to (60,60), size=120x120
[DEBUG] No hand landmarks detected in crop
[DEBUG] Wrist detected: conf=0.37
[DEBUG] Crop ROI: (0,0) to (60,60), size=120x120
[DEBUG] No hand landmarks detected in crop
[DEBUG] Wrist detected: conf=0.30
[DEBUG] Crop ROI: (0,0) to (60,60), size=120x120
[DEBUG] No hand landmarks detected in crop
[DEBUG] Wrist detected: conf=0.23
[DEBUG] Crop ROI: (0,0) to (60,60), size=120x120
[DEBUG] No hand landmarks detected in crop
[DEBUG] Wrist keypoint not available or low confidence
[DEBUG] Wrist keypoint not available or low confidence
[DEBUG] Wrist keypoint not available or low confidence
[DEBUG] Wrist keypoint not available or low confidence
[DEBUG] Wrist keypoint not available or low confidence
[DEBUG] Wrist keypoint not available or low confidence
[DEBUG] Wrist keypoint not available or low confidence
[DEBUG] Wrist keypoint not available or low confidence
[DEBUG] Wrist keypoint not available or low confidence
[DEBUG] Wrist keypoint not available or low confidence
[DEBUG] Wrist keypoint not available or low confidence
[DEBUG] Wrist keypoint not available or low confidence
[DEBUG] Wrist keypoint not available or low confidence
[DEBUG] Wrist keypoint not available or low confidence
[DEBUG] Wrist keypoint not available or low confidence
[DEBUG] Wrist keypoint not available or low confidence
[DEBUG] Wrist keypoint not available or low confidence
[DEBUG] Wrist keypoint not available or low confidence
[DEBUG] Wrist keypoint not available or low confidence
[DEBUG] Wrist keypoint not available or low confidence
[DEBUG] Wrist keypoint not available or low confidence
[DEBUG] Wrist keypoint not available or low confidence
[DEBUG] Wrist keypoint not available or low confidence
[DEBUG] Wrist keypoint not available or low confidence
[DEBUG] Wrist keypoint not available or low confidence
[DEBUG] Wrist keypoint not available or low confidence
[DEBUG] Wrist keypoint not available or low confidence
[DEBUG] Wrist keypoint not available or low confidence
[DEBUG] Wrist keypoint not available or low confidence
[DEBUG] Wrist keypoint not available or low confidence
[DEBUG] Wrist keypoint not available or low confidence
[DEBUG] Wrist keypoint not available or low confidence
[DEBUG] Wrist keypoint not available or low confidence
[DEBUG] Wrist keypoint not available or low confidence
[DEBUG] Wrist keypoint not available or low confidence
[DEBUG] Wrist keypoint not available or low confidence
[DEBUG] Wrist keypoint not available or low confidence
[DEBUG] Wrist keypoint not available or low confidence
[DEBUG] Wrist keypoint not available or low confidence
[DEBUG] Wrist keypoint not available or low confidence
[DEBUG] Wrist keypoint not available or low confidence
[DEBUG] Wrist keypoint not available or low confidence
[DEBUG] Wrist keypoint not available or low confidence
[DEBUG] Wrist keypoint not available or low confidence
[DEBUG] Wrist keypoint not available or low confidence
[DEBUG] Wrist keypoint not available or low confidence
[DEBUG] Wrist keypoint not available or low confidence
[DEBUG] Wrist keypoint not available or low confidence
[DEBUG] Wrist keypoint not available or low confidence
[DEBUG] Wrist keypoint not available or low confidence
[DEBUG] Wrist keypoint not available or low confidence
[DEBUG] Wrist keypoint not available or low confidence
[DEBUG] Wrist keypoint not available or low confidence
[DEBUG] Wrist keypoint not available or low confidence
[DEBUG] Wrist keypoint not available or low confidence
[DEBUG] Wrist keypoint not available or low confidence
[DEBUG] Wrist keypoint not available or low confidence
[DEBUG] Wrist keypoint not available or low confidence
[DEBUG] Wrist keypoint not available or low confidence
[DEBUG] Wrist keypoint not available or low confidence
[DEBUG] Wrist keypoint not available or low confidence
[DEBUG] Wrist keypoint not available or low confidence
[DEBUG] Wrist keypoint not available or low confidence
[DEBUG] Wrist keypoint not available or low confidence
[DEBUG] Wrist keypoint not available or low confidence
[DEBUG] Wrist keypoint not available or low confidence
[DEBUG] Wrist keypoint not available or low confidence
[DEBUG] Wrist keypoint not available or low confidence
[DEBUG] Wrist keypoint not available or low confidence
[DEBUG] Wrist keypoint not available or low confidence
[DEBUG] Wrist keypoint not available or low confidence
[DEBUG] Wrist keypoint not available or low confidence
[DEBUG] Wrist keypoint not available or low confidence
[DEBUG] Wrist detected: conf=0.65
[DEBUG] Crop ROI: (242,357) to (362,477), size=120x120
[DEBUG] No hand landmarks detected in crop
Pose: LOWERED | Shoulder: 33.3┬░ | Elbow: 32.9┬░ | Wrist: 23.8┬░ | Grip: 23┬░
[DEBUG] Wrist detected: conf=0.87
[DEBUG] Crop ROI: (227,309) to (347,429), size=120x120
[DEBUG] No hand landmarks detected in crop
[DEBUG] Wrist detected: conf=0.88
[DEBUG] Crop ROI: (221,297) to (341,417), size=120x120
[DEBUG] No hand landmarks detected in crop
Pose: READY | Shoulder: 64.0┬░ | Elbow: 15.5┬░ | Wrist: 10.5┬░ | Grip: 10┬░
[DEBUG] Wrist detected: conf=0.93
[DEBUG] Crop ROI: (206,285) to (326,405), size=120x120
[DEBUG] No hand landmarks detected in crop
[DEBUG] Wrist detected: conf=0.78
[DEBUG] Crop ROI: (203,273) to (323,393), size=120x120
[DEBUG] No hand landmarks detected in crop
[DEBUG] Wrist detected: conf=0.89
[DEBUG] Crop ROI: (205,259) to (325,379), size=120x120
[DEBUG] No hand landmarks detected in crop
Pose: LOWERED | Shoulder: 57.1┬░ | Elbow: 19.0┬░ | Wrist: 13.9┬░ | Grip: 13┬░
[DEBUG] Wrist detected: conf=0.89
[DEBUG] Crop ROI: (206,241) to (326,361), size=120x120
[DEBUG] No hand landmarks detected in crop
[DEBUG] Wrist detected: conf=0.78
[DEBUG] Crop ROI: (212,231) to (332,351), size=120x120
[DEBUG] No hand landmarks detected in crop
[DEBUG] Wrist detected: conf=0.91
[DEBUG] Crop ROI: (226,222) to (346,342), size=120x120
[DEBUG] No hand landmarks detected in crop
[DEBUG] Wrist detected: conf=0.89
[DEBUG] Crop ROI: (231,222) to (351,342), size=120x120
[DEBUG] No hand landmarks detected in crop
[DEBUG] Wrist detected: conf=0.88
[DEBUG] Crop ROI: (237,238) to (357,358), size=120x120
[DEBUG] No hand landmarks detected in crop
[DEBUG] Wrist detected: conf=0.88
[DEBUG] Crop ROI: (232,247) to (352,367), size=120x120
[DEBUG] No hand landmarks detected in crop
[DEBUG] Wrist detected: conf=0.90
[DEBUG] Crop ROI: (231,243) to (351,363), size=120x120
[DEBUG] No hand landmarks detected in crop
[DEBUG] Wrist detected: conf=0.90
[DEBUG] Crop ROI: (228,243) to (348,363), size=120x120
[DEBUG] No hand landmarks detected in crop
[DEBUG] Wrist detected: conf=0.88
[DEBUG] Crop ROI: (225,248) to (345,368), size=120x120
[DEBUG] No hand landmarks detected in crop
[DEBUG] Wrist detected: conf=0.92
[DEBUG] Crop ROI: (229,251) to (349,371), size=120x120
[DEBUG] No hand landmarks detected in crop
[DEBUG] Wrist detected: conf=0.90
[DEBUG] Crop ROI: (228,245) to (348,365), size=120x120
[DEBUG] No hand landmarks detected in crop
[DEBUG] Wrist detected: conf=0.91
[DEBUG] Crop ROI: (221,247) to (341,367), size=120x120
[DEBUG] No hand landmarks detected in crop
[DEBUG] Wrist detected: conf=0.90
[DEBUG] Crop ROI: (227,244) to (347,364), size=120x120
[DEBUG] No hand landmarks detected in crop
[DEBUG] Wrist detected: conf=0.90
[DEBUG] Crop ROI: (224,244) to (344,364), size=120x120
[DEBUG] No hand landmarks detected in crop
[DEBUG] Wrist detected: conf=0.89
[DEBUG] Crop ROI: (227,248) to (347,368), size=120x120
[DEBUG] No hand landmarks detected in crop
[DEBUG] Wrist detected: conf=0.91
[DEBUG] Crop ROI: (220,256) to (340,376), size=120x120
[DEBUG] No hand landmarks detected in crop
[DEBUG] Wrist detected: conf=0.90
[DEBUG] Crop ROI: (206,259) to (326,379), size=120x120
[DEBUG] No hand landmarks detected in crop
Pose: READY | Shoulder: 64.9┬░ | Elbow: 18.8┬░ | Wrist: 6.3┬░ | Grip: 6┬░
[DEBUG] Wrist detected: conf=0.91
[DEBUG] Crop ROI: (191,253) to (311,373), size=120x120
[DEBUG] No hand landmarks detected in crop
[DEBUG] Wrist detected: conf=0.91
[DEBUG] Crop ROI: (184,257) to (304,377), size=120x120
[DEBUG] No hand landmarks detected in crop
[DEBUG] Wrist detected: conf=0.92
[DEBUG] Crop ROI: (174,260) to (294,380), size=120x120
[DEBUG] No hand landmarks detected in crop
[DEBUG] Wrist detected: conf=0.90
[DEBUG] Crop ROI: (174,266) to (294,386), size=120x120
[DEBUG] No hand landmarks detected in crop
[DEBUG] Wrist detected: conf=0.90
[DEBUG] Crop ROI: (172,266) to (292,386), size=120x120
[DEBUG] No hand landmarks detected in crop
Pose: LOWERED | Shoulder: 59.6┬░ | Elbow: 13.5┬░ | Wrist: 16.9┬░ | Grip: 16┬░
[DEBUG] Wrist detected: conf=0.91
[DEBUG] Crop ROI: (188,272) to (308,392), size=120x120
[DEBUG] No hand landmarks detected in crop
[DEBUG] Wrist detected: conf=0.87
[DEBUG] Crop ROI: (202,268) to (322,388), size=120x120
[DEBUG] No hand landmarks detected in crop
[DEBUG] Wrist detected: conf=0.79
[DEBUG] Crop ROI: (208,276) to (328,396), size=120x120
[DEBUG] No hand landmarks detected in crop
[DEBUG] Wrist detected: conf=0.87
[DEBUG] Crop ROI: (208,281) to (328,401), size=120x120
[DEBUG] No hand landmarks detected in crop
[DEBUG] Wrist detected: conf=0.85
[DEBUG] Crop ROI: (208,282) to (328,402), size=120x120
[DEBUG] No hand landmarks detected in crop
[DEBUG] Wrist detected: conf=0.85
[DEBUG] Crop ROI: (213,278) to (333,398), size=120x120
[DEBUG] No hand landmarks detected in crop
[DEBUG] Wrist detected: conf=0.86
[DEBUG] Crop ROI: (207,280) to (327,400), size=120x120
[DEBUG] No hand landmarks detected in crop
[DEBUG] Wrist detected: conf=0.87
[DEBUG] Crop ROI: (212,281) to (332,401), size=120x120
[DEBUG] No hand landmarks detected in crop
[DEBUG] Wrist detected: conf=0.77
[DEBUG] Crop ROI: (223,287) to (343,407), size=120x120
[DEBUG] No hand landmarks detected in crop
[DEBUG] Wrist detected: conf=0.85
[DEBUG] Crop ROI: (220,292) to (340,412), size=120x120
[DEBUG] No hand landmarks detected in crop
[DEBUG] Wrist detected: conf=0.89
[DEBUG] Crop ROI: (218,289) to (338,409), size=120x120
[DEBUG] No hand landmarks detected in crop
[DEBUG] Wrist detected: conf=0.85
[DEBUG] Crop ROI: (224,284) to (344,404), size=120x120
[DEBUG] No hand landmarks detected in crop
[DEBUG] Wrist detected: conf=0.89
[DEBUG] Crop ROI: (219,288) to (339,408), size=120x120
[DEBUG] No hand landmarks detected in crop
[DEBUG] Wrist detected: conf=0.80
[DEBUG] Crop ROI: (221,284) to (341,404), size=120x120
[DEBUG] No hand landmarks detected in crop
[DEBUG] Wrist detected: conf=0.83
[DEBUG] Crop ROI: (198,293) to (318,413), size=120x120
[DEBUG] No hand landmarks detected in crop
[DEBUG] Wrist detected: conf=0.82
[DEBUG] Crop ROI: (199,303) to (319,423), size=120x120
[DEBUG] No hand landmarks detected in crop
[DEBUG] Wrist detected: conf=0.83
[DEBUG] Crop ROI: (197,303) to (317,423), size=120x120
[DEBUG] No hand landmarks detected in crop
[DEBUG] Wrist detected: conf=0.83
[DEBUG] Crop ROI: (200,297) to (320,417), size=120x120
[DEBUG] No hand landmarks detected in crop
[DEBUG] Wrist detected: conf=0.80
[DEBUG] Crop ROI: (192,289) to (312,409), size=120x120
[DEBUG] No hand landmarks detected in crop
[DEBUG] Wrist detected: conf=0.63
[DEBUG] Crop ROI: (198,287) to (318,407), size=120x120
[DEBUG] No hand landmarks detected in crop
[DEBUG] Wrist detected: conf=0.66
[DEBUG] Crop ROI: (201,275) to (321,395), size=120x120
[DEBUG] No hand landmarks detected in crop
[DEBUG] Wrist detected: conf=0.56
[DEBUG] Crop ROI: (182,254) to (302,374), size=120x120
[DEBUG] No hand landmarks detected in crop
[DEBUG] Wrist detected: conf=0.53
[DEBUG] Crop ROI: (165,250) to (285,370), size=120x120
[DEBUG] No hand landmarks detected in crop
[DEBUG] Wrist detected: conf=0.61
[DEBUG] Crop ROI: (155,247) to (275,367), size=120x120
[DEBUG] No hand landmarks detected in crop
[DEBUG] Wrist detected: conf=0.56
[DEBUG] Crop ROI: (171,250) to (291,370), size=120x120
[DEBUG] No hand landmarks detected in crop
[DEBUG] Wrist detected: conf=0.54
[DEBUG] Crop ROI: (157,252) to (277,372), size=120x120
[DEBUG] No hand landmarks detected in crop
[DEBUG] Wrist detected: conf=0.53
[DEBUG] Crop ROI: (155,264) to (275,384), size=120x120
[DEBUG] No hand landmarks detected in crop
[DEBUG] Wrist detected: conf=0.62
[DEBUG] Crop ROI: (154,257) to (274,377), size=120x120
[DEBUG] No hand landmarks detected in crop
[DEBUG] Wrist detected: conf=0.61
[DEBUG] Crop ROI: (152,256) to (272,376), size=120x120
[DEBUG] No hand landmarks detected in crop
[DEBUG] Wrist detected: conf=0.56
[DEBUG] Crop ROI: (148,253) to (268,373), size=120x120
[DEBUG] No hand landmarks detected in crop
[DEBUG] Wrist detected: conf=0.52
[DEBUG] Crop ROI: (159,243) to (279,363), size=120x120
[DEBUG] No hand landmarks detected in crop
[DEBUG] Wrist detected: conf=0.51
[DEBUG] Crop ROI: (150,235) to (270,355), size=120x120
[DEBUG] No hand landmarks detected in crop
[DEBUG] Wrist detected: conf=0.55
[DEBUG] Crop ROI: (150,232) to (270,352), size=120x120
[DEBUG] No hand landmarks detected in crop
[DEBUG] Wrist detected: conf=0.63
[DEBUG] Crop ROI: (150,242) to (270,362), size=120x120
[DEBUG] No hand landmarks detected in crop
[DEBUG] Wrist detected: conf=0.52
[DEBUG] Crop ROI: (157,243) to (277,363), size=120x120
[DEBUG] No hand landmarks detected in crop
[DEBUG] Wrist detected: conf=0.46
[DEBUG] Crop ROI: (0,0) to (60,60), size=120x120
[DEBUG] No hand landmarks detected in crop
Pose: UNKNOWN | Shoulder: 0.0┬░ | Elbow: 0.0┬░ | Wrist: 0.0┬░ | Grip: 0┬░
[DEBUG] Wrist detected: conf=0.83
[DEBUG] Crop ROI: (150,255) to (270,375), size=120x120
[DEBUG] No hand landmarks detected in crop
Pose: LOWERED | Shoulder: 45.5┬░ | Elbow: 27.7┬░ | Wrist: 72.2┬░ | Grip: 72┬░
[DEBUG] Wrist detected: conf=0.81
[DEBUG] Crop ROI: (155,260) to (275,380), size=120x120
[DEBUG] No hand landmarks detected in crop
[DEBUG] Wrist detected: conf=0.83
[DEBUG] Crop ROI: (164,258) to (284,378), size=120x120
[DEBUG] No hand landmarks detected in crop
[DEBUG] Wrist detected: conf=0.84
[DEBUG] Crop ROI: (171,252) to (291,372), size=120x120
[DEBUG] No hand landmarks detected in crop
[DEBUG] Wrist detected: conf=0.83
[DEBUG] Crop ROI: (177,235) to (297,355), size=120x120
[DEBUG] No hand landmarks detected in crop
[DEBUG] Wrist detected: conf=0.88
[DEBUG] Crop ROI: (200,224) to (320,344), size=120x120
[DEBUG] No hand landmarks detected in crop
Pose: READY | Shoulder: 67.8┬░ | Elbow: 12.1┬░ | Wrist: 34.3┬░ | Grip: 34┬░
[DEBUG] Wrist detected: conf=0.82
[DEBUG] Crop ROI: (247,223) to (367,343), size=120x120
[DEBUG] No hand landmarks detected in crop
[DEBUG] Wrist detected: conf=0.83
[DEBUG] Crop ROI: (258,222) to (378,342), size=120x120
[DEBUG] No hand landmarks detected in crop
[DEBUG] Wrist detected: conf=0.87
[DEBUG] Crop ROI: (268,238) to (388,358), size=120x120
[DEBUG] No hand landmarks detected in crop
[DEBUG] Wrist detected: conf=0.87
[DEBUG] Crop ROI: (274,246) to (394,366), size=120x120
[DEBUG] No hand landmarks detected in crop
[DEBUG] Wrist detected: conf=0.88
[DEBUG] Crop ROI: (278,254) to (398,374), size=120x120
[DEBUG] No hand landmarks detected in crop
[DEBUG] Wrist detected: conf=0.90
[DEBUG] Crop ROI: (284,256) to (404,376), size=120x120
[DEBUG] No hand landmarks detected in crop
[DEBUG] Wrist detected: conf=0.90
[DEBUG] Crop ROI: (285,252) to (405,372), size=120x120
[DEBUG] No hand landmarks detected in crop
[DEBUG] Wrist detected: conf=0.89
[DEBUG] Crop ROI: (288,250) to (408,370), size=120x120
[DEBUG] No hand landmarks detected in crop
[DEBUG] Wrist detected: conf=0.83
[DEBUG] Crop ROI: (277,248) to (397,368), size=120x120
[DEBUG] No hand landmarks detected in crop
[DEBUG] Wrist detected: conf=0.87
[DEBUG] Crop ROI: (283,244) to (403,364), size=120x120
[DEBUG] No hand landmarks detected in crop
[DEBUG] Wrist detected: conf=0.90
[DEBUG] Crop ROI: (290,238) to (410,358), size=120x120
[DEBUG] No hand landmarks detected in crop
[DEBUG] Wrist detected: conf=0.87
[DEBUG] Crop ROI: (279,234) to (399,354), size=120x120
[DEBUG] No hand landmarks detected in crop
[DEBUG] Wrist detected: conf=0.87
[DEBUG] Crop ROI: (276,236) to (396,356), size=120x120
[DEBUG] No hand landmarks detected in crop
[DEBUG] Wrist detected: conf=0.87
[DEBUG] Crop ROI: (275,236) to (395,356), size=120x120
[DEBUG] No hand landmarks detected in crop
[DEBUG] Wrist detected: conf=0.88
[DEBUG] Crop ROI: (273,234) to (393,354), size=120x120
[DEBUG] No hand landmarks detected in crop
[DEBUG] Wrist detected: conf=0.85
[DEBUG] Crop ROI: (278,234) to (398,354), size=120x120
[DEBUG] No hand landmarks detected in crop
[DEBUG] Wrist detected: conf=0.85
[DEBUG] Crop ROI: (288,232) to (408,352), size=120x120
[DEBUG] No hand landmarks detected in crop
[DEBUG] Wrist detected: conf=0.88
[DEBUG] Crop ROI: (288,234) to (408,354), size=120x120
[DEBUG] No hand landmarks detected in crop
[DEBUG] Wrist detected: conf=0.88
[DEBUG] Crop ROI: (289,237) to (409,357), size=120x120
[DEBUG] No hand landmarks detected in crop
[DEBUG] Wrist detected: conf=0.88
[DEBUG] Crop ROI: (292,235) to (412,355), size=120x120
[DEBUG] No hand landmarks detected in crop
[DEBUG] Wrist detected: conf=0.87
[DEBUG] Crop ROI: (290,234) to (410,354), size=120x120
[DEBUG] No hand landmarks detected in crop
[DEBUG] Wrist detected: conf=0.88
[DEBUG] Crop ROI: (293,234) to (413,354), size=120x120
[DEBUG] No hand landmarks detected in crop
[DEBUG] Wrist detected: conf=0.85
[DEBUG] Crop ROI: (286,235) to (406,355), size=120x120
[DEBUG] No hand landmarks detected in crop
[DEBUG] Wrist detected: conf=0.86
[DEBUG] Crop ROI: (285,233) to (405,353), size=120x120
[DEBUG] No hand landmarks detected in crop
[DEBUG] Wrist detected: conf=0.88
[DEBUG] Crop ROI: (281,232) to (401,352), size=120x120
[DEBUG] No hand landmarks detected in crop
[DEBUG] Wrist detected: conf=0.88
[DEBUG] Crop ROI: (281,230) to (401,350), size=120x120
[DEBUG] No hand landmarks detected in crop
[DEBUG] Wrist detected: conf=0.87
[DEBUG] Crop ROI: (280,231) to (400,351), size=120x120
[DEBUG] No hand landmarks detected in crop
[DEBUG] Wrist detected: conf=0.87
[DEBUG] Crop ROI: (284,231) to (404,351), size=120x120
[DEBUG] No hand landmarks detected in crop
[DEBUG] Wrist detected: conf=0.87
[DEBUG] Crop ROI: (282,231) to (402,351), size=120x120
[DEBUG] No hand landmarks detected in crop
[DEBUG] Wrist detected: conf=0.85
[DEBUG] Crop ROI: (285,232) to (405,352), size=120x120
[DEBUG] No hand landmarks detected in crop
[DEBUG] Wrist detected: conf=0.90
[DEBUG] Crop ROI: (290,237) to (410,357), size=120x120
[DEBUG] No hand landmarks detected in crop
[DEBUG] Wrist detected: conf=0.89
[DEBUG] Crop ROI: (292,238) to (412,358), size=120x120
[DEBUG] No hand landmarks detected in crop
[DEBUG] Wrist detected: conf=0.89
[DEBUG] Crop ROI: (290,236) to (410,356), size=120x120
[DEBUG] No hand landmarks detected in crop
[DEBUG] Wrist detected: conf=0.87
[DEBUG] Crop ROI: (292,234) to (412,354), size=120x120
[DEBUG] No hand landmarks detected in crop
[DEBUG] Wrist detected: conf=0.92
[DEBUG] Crop ROI: (292,234) to (412,354), size=120x120
[DEBUG] No hand landmarks detected in crop
[DEBUG] Wrist detected: conf=0.88
[DEBUG] Crop ROI: (290,226) to (410,346), size=120x120
[DEBUG] No hand landmarks detected in crop
[DEBUG] Wrist detected: conf=0.86
[DEBUG] Crop ROI: (290,229) to (410,349), size=120x120
[DEBUG] No hand landmarks detected in crop
[DEBUG] Wrist detected: conf=0.87
[DEBUG] Crop ROI: (281,229) to (401,349), size=120x120
[DEBUG] No hand landmarks detected in crop
[DEBUG] Wrist detected: conf=0.86
[DEBUG] Crop ROI: (279,227) to (399,347), size=120x120
[DEBUG] No hand landmarks detected in crop
[DEBUG] Wrist detected: conf=0.85
[DEBUG] Crop ROI: (276,230) to (396,350), size=120x120
[DEBUG] No hand landmarks detected in crop
[DEBUG] Wrist detected: conf=0.86
[DEBUG] Crop ROI: (274,232) to (394,352), size=120x120
[DEBUG] No hand landmarks detected in crop
[DEBUG] Wrist detected: conf=0.87
[DEBUG] Crop ROI: (274,229) to (394,349), size=120x120
[DEBUG] No hand landmarks detected in crop
[DEBUG] Wrist detected: conf=0.87
[DEBUG] Crop ROI: (274,231) to (394,351), size=120x120
[DEBUG] No hand landmarks detected in crop
[DEBUG] Wrist detected: conf=0.88
[DEBUG] Crop ROI: (287,228) to (407,348), size=120x120
[DEBUG] No hand landmarks detected in crop
[DEBUG] Wrist detected: conf=0.89
[DEBUG] Crop ROI: (284,231) to (404,351), size=120x120
[DEBUG] No hand landmarks detected in crop
[DEBUG] Wrist detected: conf=0.91
[DEBUG] Crop ROI: (287,230) to (407,350), size=120x120
[DEBUG] No hand landmarks detected in crop
[DEBUG] Wrist detected: conf=0.91
[DEBUG] Crop ROI: (285,231) to (405,351), size=120x120
[DEBUG] No hand landmarks detected in crop
[DEBUG] Wrist detected: conf=0.91
[DEBUG] Crop ROI: (285,230) to (405,350), size=120x120
[DEBUG] No hand landmarks detected in crop
[DEBUG] Wrist detected: conf=0.90
[DEBUG] Crop ROI: (277,230) to (397,350), size=120x120
[DEBUG] No hand landmarks detected in crop
[DEBUG] Wrist detected: conf=0.88
[DEBUG] Crop ROI: (277,225) to (397,345), size=120x120
[DEBUG] No hand landmarks detected in crop
[DEBUG] Wrist detected: conf=0.82
[DEBUG] Crop ROI: (269,225) to (389,345), size=120x120
[DEBUG] No hand landmarks detected in crop
[DEBUG] Wrist detected: conf=0.85
[DEBUG] Crop ROI: (267,222) to (387,342), size=120x120
[DEBUG] No hand landmarks detected in crop
[DEBUG] Wrist detected: conf=0.81
[DEBUG] Crop ROI: (261,224) to (381,344), size=120x120
[DEBUG] No hand landmarks detected in crop
[DEBUG] Wrist detected: conf=0.81
[DEBUG] Crop ROI: (260,221) to (380,341), size=120x120
[DEBUG] No hand landmarks detected in crop
[DEBUG] Wrist detected: conf=0.89
[DEBUG] Crop ROI: (265,219) to (385,339), size=120x120
[DEBUG] No hand landmarks detected in crop
[DEBUG] Wrist detected: conf=0.85
[DEBUG] Crop ROI: (262,222) to (382,342), size=120x120
[DEBUG] No hand landmarks detected in crop
[DEBUG] Wrist detected: conf=0.90
[DEBUG] Crop ROI: (272,221) to (392,341), size=120x120
[DEBUG] No hand landmarks detected in crop
[DEBUG] Wrist detected: conf=0.87
[DEBUG] Crop ROI: (267,225) to (387,345), size=120x120
[DEBUG] No hand landmarks detected in crop
[DEBUG] Wrist detected: conf=0.87
[DEBUG] Crop ROI: (267,223) to (387,343), size=120x120
[DEBUG] No hand landmarks detected in crop
[DEBUG] Wrist detected: conf=0.90
[DEBUG] Crop ROI: (266,224) to (386,344), size=120x120
[DEBUG] No hand landmarks detected in crop
[DEBUG] Wrist detected: conf=0.88
[DEBUG] Crop ROI: (260,227) to (380,347), size=120x120
[DEBUG] No hand landmarks detected in crop
[DEBUG] Wrist detected: conf=0.87
[DEBUG] Crop ROI: (269,224) to (389,344), size=120x120
[DEBUG] No hand landmarks detected in crop
[DEBUG] Wrist detected: conf=0.91
[DEBUG] Crop ROI: (269,220) to (389,340), size=120x120
[DEBUG] No hand landmarks detected in crop
[DEBUG] Wrist detected: conf=0.91
[DEBUG] Crop ROI: (262,225) to (382,345), size=120x120
[DEBUG] No hand landmarks detected in crop
[DEBUG] Wrist detected: conf=0.91
[DEBUG] Crop ROI: (252,219) to (372,339), size=120x120
[DEBUG] No hand landmarks detected in crop
[DEBUG] Wrist detected: conf=0.91
[DEBUG] Crop ROI: (247,222) to (367,342), size=120x120
[DEBUG] No hand landmarks detected in crop
[DEBUG] Wrist detected: conf=0.91
[DEBUG] Crop ROI: (242,220) to (362,340), size=120x120
[DEBUG] No hand landmarks detected in crop
[DEBUG] Wrist detected: conf=0.92
[DEBUG] Crop ROI: (243,218) to (363,338), size=120x120
[DEBUG] No hand landmarks detected in crop
Pose: LOWERED | Shoulder: 59.6┬░ | Elbow: 6.0┬░ | Wrist: 36.4┬░ | Grip: 36┬░
[DEBUG] Wrist detected: conf=0.89
[DEBUG] Crop ROI: (238,212) to (358,332), size=120x120
[DEBUG] No hand landmarks detected in crop
[DEBUG] Wrist detected: conf=0.79
[DEBUG] Crop ROI: (223,206) to (343,326), size=120x120
[DEBUG] No hand landmarks detected in crop
[DEBUG] Wrist detected: conf=0.88
[DEBUG] Crop ROI: (237,217) to (357,337), size=120x120
[DEBUG] No hand landmarks detected in crop
[DEBUG] Wrist detected: conf=0.89
[DEBUG] Crop ROI: (236,218) to (356,338), size=120x120
[DEBUG] No hand landmarks detected in crop
[DEBUG] Wrist detected: conf=0.89
[DEBUG] Crop ROI: (237,217) to (357,337), size=120x120
[DEBUG] No hand landmarks detected in crop
[DEBUG] Wrist detected: conf=0.90
[DEBUG] Crop ROI: (234,217) to (354,337), size=120x120
[DEBUG] No hand landmarks detected in crop
[DEBUG] Wrist detected: conf=0.91
[DEBUG] Crop ROI: (232,219) to (352,339), size=120x120
[DEBUG] No hand landmarks detected in crop
[DEBUG] Wrist detected: conf=0.84
[DEBUG] Crop ROI: (226,223) to (346,343), size=120x120
[DEBUG] No hand landmarks detected in crop
[DEBUG] Wrist detected: conf=0.84
[DEBUG] Crop ROI: (224,220) to (344,340), size=120x120
[DEBUG] No hand landmarks detected in crop
[DEBUG] Wrist detected: conf=0.85
[DEBUG] Crop ROI: (226,222) to (346,342), size=120x120
[DEBUG] No hand landmarks detected in crop
[DEBUG] Wrist detected: conf=0.91
[DEBUG] Crop ROI: (227,224) to (347,344), size=120x120
[DEBUG] No hand landmarks detected in crop
[DEBUG] Wrist detected: conf=0.92
[DEBUG] Crop ROI: (226,227) to (346,347), size=120x120
[DEBUG] No hand landmarks detected in crop
[DEBUG] Wrist detected: conf=0.90
[DEBUG] Crop ROI: (228,232) to (348,352), size=120x120
[DEBUG] No hand landmarks detected in crop
[DEBUG] Wrist detected: conf=0.92
[DEBUG] Crop ROI: (232,227) to (352,347), size=120x120
[DEBUG] No hand landmarks detected in crop
[DEBUG] Wrist detected: conf=0.91
[DEBUG] Crop ROI: (239,225) to (359,345), size=120x120
[DEBUG] No hand landmarks detected in crop
[DEBUG] Wrist detected: conf=0.91
[DEBUG] Crop ROI: (220,229) to (340,349), size=120x120
[DEBUG] No hand landmarks detected in crop
[DEBUG] Wrist detected: conf=0.91
[DEBUG] Crop ROI: (198,238) to (318,358), size=120x120
[DEBUG] No hand landmarks detected in crop
[DEBUG] Wrist detected: conf=0.91
[DEBUG] Crop ROI: (205,237) to (325,357), size=120x120
[DEBUG] No hand landmarks detected in crop
[DEBUG] Wrist detected: conf=0.90
[DEBUG] Crop ROI: (202,238) to (322,358), size=120x120
[DEBUG] No hand landmarks detected in crop
[DEBUG] Wrist detected: conf=0.91
[DEBUG] Crop ROI: (207,231) to (327,351), size=120x120
[DEBUG] No hand landmarks detected in crop
[DEBUG] Wrist detected: conf=0.91
[DEBUG] Crop ROI: (207,231) to (327,351), size=120x120
[DEBUG] No hand landmarks detected in crop
[DEBUG] Wrist detected: conf=0.94
[DEBUG] Crop ROI: (219,233) to (339,353), size=120x120
[DEBUG] No hand landmarks detected in crop
Pose: READY | Shoulder: 60.6┬░ | Elbow: 7.8┬░ | Wrist: 37.2┬░ | Grip: 37┬░
[DEBUG] Wrist detected: conf=0.95
[DEBUG] Crop ROI: (225,229) to (345,349), size=120x120
[DEBUG] No hand landmarks detected in crop
[DEBUG] Wrist detected: conf=0.93
[DEBUG] Crop ROI: (222,230) to (342,350), size=120x120
[DEBUG] No hand landmarks detected in crop
Pose: LOWERED | Shoulder: 57.4┬░ | Elbow: 6.0┬░ | Wrist: 38.6┬░ | Grip: 38┬░
[DEBUG] Wrist detected: conf=0.92
[DEBUG] Crop ROI: (216,232) to (336,352), size=120x120
[DEBUG] No hand landmarks detected in crop
[DEBUG] Wrist detected: conf=0.90
[DEBUG] Crop ROI: (226,246) to (346,366), size=120x120
[DEBUG] No hand landmarks detected in crop
[DEBUG] Wrist detected: conf=0.86
[DEBUG] Crop ROI: (229,253) to (349,373), size=120x120
[DEBUG] No hand landmarks detected in crop
[DEBUG] Wrist detected: conf=0.92
[DEBUG] Crop ROI: (210,297) to (330,417), size=120x120
[DEBUG] No hand landmarks detected in crop
[DEBUG] Wrist detected: conf=0.89
[DEBUG] Crop ROI: (181,296) to (301,416), size=120x120
[DEBUG] No hand landmarks detected in crop
[DEBUG] Wrist detected: conf=0.92
[DEBUG] Crop ROI: (187,278) to (307,398), size=120x120
[DEBUG] No hand landmarks detected in crop
[DEBUG] Wrist detected: conf=0.88
[DEBUG] Crop ROI: (178,265) to (298,385), size=120x120
[DEBUG] No hand landmarks detected in crop
[DEBUG] Wrist detected: conf=0.87
[DEBUG] Crop ROI: (181,267) to (301,387), size=120x120
[DEBUG] No hand landmarks detected in crop
[DEBUG] Wrist detected: conf=0.87
[DEBUG] Crop ROI: (179,265) to (299,385), size=120x120
[DEBUG] No hand landmarks detected in crop
[DEBUG] Wrist detected: conf=0.87
[DEBUG] Crop ROI: (172,263) to (292,383), size=120x120
[DEBUG] No hand landmarks detected in crop
[DEBUG] Wrist detected: conf=0.88
[DEBUG] Crop ROI: (178,261) to (298,381), size=120x120
[DEBUG] No hand landmarks detected in crop
[DEBUG] Wrist detected: conf=0.90
[DEBUG] Crop ROI: (193,250) to (313,370), size=120x120
[DEBUG] No hand landmarks detected in crop
[DEBUG] Wrist detected: conf=0.88
[DEBUG] Crop ROI: (198,228) to (318,348), size=120x120
[DEBUG] No hand landmarks detected in crop
[DEBUG] Wrist detected: conf=0.60
[DEBUG] Crop ROI: (145,200) to (265,320), size=120x120
[DEBUG] No hand landmarks detected in crop
[DEBUG] Wrist detected: conf=0.85
[DEBUG] Crop ROI: (145,185) to (265,305), size=120x120
[DEBUG] No hand landmarks detected in crop
[DEBUG] Wrist detected: conf=0.85
[DEBUG] Crop ROI: (138,179) to (258,299), size=120x120
[DEBUG] No hand landmarks detected in crop
[DEBUG] Wrist detected: conf=0.78
[DEBUG] Crop ROI: (119,185) to (239,305), size=120x120
[DEBUG] No hand landmarks detected in crop
[DEBUG] Wrist detected: conf=0.83
[DEBUG] Crop ROI: (134,175) to (254,295), size=120x120
[DEBUG] No hand landmarks detected in crop
[DEBUG] Wrist detected: conf=0.62
[DEBUG] Crop ROI: (127,185) to (247,305), size=120x120
[DEBUG] No hand landmarks detected in crop
[DEBUG] Wrist detected: conf=0.71
[DEBUG] Crop ROI: (121,171) to (241,291), size=120x120
[DEBUG] No hand landmarks detected in crop
Pose: READY | Shoulder: 61.0┬░ | Elbow: 38.2┬░ | Wrist: 67.2┬░ | Grip: 67┬░
[DEBUG] Wrist detected: conf=0.74
[DEBUG] Crop ROI: (113,174) to (233,294), size=120x120
[DEBUG] No hand landmarks detected in crop
Pose: LOWERED | Shoulder: 59.8┬░ | Elbow: 39.2┬░ | Wrist: 69.4┬░ | Grip: 69┬░
[DEBUG] Wrist detected: conf=0.85
[DEBUG] Crop ROI: (117,156) to (237,276), size=120x120
[DEBUG] No hand landmarks detected in crop
Pose: READY | Shoulder: 63.7┬░ | Elbow: 38.4┬░ | Wrist: 64.7┬░ | Grip: 64┬░
[DEBUG] Wrist detected: conf=0.83
[DEBUG] Crop ROI: (115,158) to (235,278), size=120x120
[DEBUG] No hand landmarks detected in crop
[DEBUG] Wrist detected: conf=0.70
[DEBUG] Crop ROI: (93,166) to (213,286), size=120x120
[DEBUG] No hand landmarks detected in crop
[DEBUG] Wrist detected: conf=0.67
[DEBUG] Crop ROI: (87,161) to (207,281), size=120x120
[DEBUG] No hand landmarks detected in crop
[DEBUG] Wrist detected: conf=0.90
[DEBUG] Crop ROI: (116,154) to (236,274), size=120x120
[DEBUG] No hand landmarks detected in crop
[DEBUG] Wrist detected: conf=0.83
[DEBUG] Crop ROI: (109,153) to (229,273), size=120x120
[DEBUG] No hand landmarks detected in crop
Pose: LOWERED | Shoulder: 58.5┬░ | Elbow: 32.0┬░ | Wrist: 63.4┬░ | Grip: 63┬░
[DEBUG] Wrist detected: conf=0.90
[DEBUG] Crop ROI: (138,159) to (258,279), size=120x120
[DEBUG] No hand landmarks detected in crop
[DEBUG] Wrist detected: conf=0.90
[DEBUG] Crop ROI: (142,160) to (262,280), size=120x120
[DEBUG] No hand landmarks detected in crop
[DEBUG] Wrist detected: conf=0.90
[DEBUG] Crop ROI: (128,173) to (248,293), size=120x120
[DEBUG] No hand landmarks detected in crop
[DEBUG] Wrist detected: conf=0.69
[DEBUG] Crop ROI: (138,170) to (258,290), size=120x120
[DEBUG] No hand landmarks detected in crop
[DEBUG] Wrist detected: conf=0.89
[DEBUG] Crop ROI: (139,190) to (259,310), size=120x120
[DEBUG] No hand landmarks detected in crop
[DEBUG] Wrist detected: conf=0.82
[DEBUG] Crop ROI: (137,188) to (257,308), size=120x120
[DEBUG] No hand landmarks detected in crop
[DEBUG] Wrist detected: conf=0.73
[DEBUG] Crop ROI: (92,207) to (212,327), size=120x120
[DEBUG] No hand landmarks detected in crop
[DEBUG] Wrist detected: conf=0.81
[DEBUG] Crop ROI: (132,194) to (252,314), size=120x120
[DEBUG] No hand landmarks detected in crop
[DEBUG] Wrist detected: conf=0.85
[DEBUG] Crop ROI: (131,192) to (251,312), size=120x120
[DEBUG] No hand landmarks detected in crop
[DEBUG] Wrist detected: conf=0.71
[DEBUG] Crop ROI: (93,199) to (213,319), size=120x120
[DEBUG] No hand landmarks detected in crop
[DEBUG] Wrist detected: conf=0.76
[DEBUG] Crop ROI: (93,196) to (213,316), size=120x120
[DEBUG] No hand landmarks detected in crop
[DEBUG] Wrist detected: conf=0.63
[DEBUG] Crop ROI: (98,199) to (218,319), size=120x120
[DEBUG] No hand landmarks detected in crop
[DEBUG] Wrist detected: conf=0.60
[DEBUG] Crop ROI: (97,185) to (217,305), size=120x120
[DEBUG] No hand landmarks detected in crop
[DEBUG] Wrist detected: conf=0.68
[DEBUG] Crop ROI: (129,175) to (249,295), size=120x120
[DEBUG] No hand landmarks detected in crop
[DEBUG] Wrist detected: conf=0.67
[DEBUG] Crop ROI: (115,205) to (235,325), size=120x120
[DEBUG] No hand landmarks detected in crop
[DEBUG] Wrist detected: conf=0.88
[DEBUG] Crop ROI: (132,183) to (252,303), size=120x120
[DEBUG] No hand landmarks detected in crop
[DEBUG] Wrist detected: conf=0.82
[DEBUG] Crop ROI: (139,189) to (259,309), size=120x120
[DEBUG] No hand landmarks detected in crop
[DEBUG] Wrist detected: conf=0.79
[DEBUG] Crop ROI: (139,190) to (259,310), size=120x120
[DEBUG] No hand landmarks detected in crop
[DEBUG] Wrist detected: conf=0.81
[DEBUG] Crop ROI: (141,190) to (261,310), size=120x120
[DEBUG] No hand landmarks detected in crop
[DEBUG] Wrist detected: conf=0.78
[DEBUG] Crop ROI: (142,191) to (262,311), size=120x120
[DEBUG] No hand landmarks detected in crop
[DEBUG] Wrist detected: conf=0.82
[DEBUG] Crop ROI: (140,194) to (260,314), size=120x120
[DEBUG] No hand landmarks detected in crop
[DEBUG] Wrist detected: conf=0.65
[DEBUG] Crop ROI: (159,249) to (279,369), size=120x120
[DEBUG] No hand landmarks detected in crop
[DEBUG] Wrist detected: conf=0.30
[DEBUG] Crop ROI: (0,0) to (60,60), size=120x120
[DEBUG] No hand landmarks detected in crop
Pose: UNKNOWN | Shoulder: 0.0┬░ | Elbow: 0.0┬░ | Wrist: 0.0┬░ | Grip: 0┬░
[DEBUG] Wrist keypoint not available or low confidence
[DEBUG] Wrist keypoint not available or low confidence
[DEBUG] Wrist keypoint not available or low confidence
[DEBUG] Wrist keypoint not available or low confidence
[DEBUG] Wrist keypoint not available or low confidence
[DEBUG] Wrist keypoint not available or low confidence
[DEBUG] Wrist keypoint not available or low confidence
[DEBUG] Wrist keypoint not available or low confidence
[DEBUG] Wrist keypoint not available or low confidence
[DEBUG] Wrist keypoint not available or low confidence
[DEBUG] Wrist keypoint not available or low confidence
[DEBUG] Wrist keypoint not available or low confidence
[DEBUG] Wrist keypoint not available or low confidence
[DEBUG] Wrist keypoint not available or low confidence
[DEBUG] Wrist keypoint not available or low confidence
[DEBUG] Wrist keypoint not available or low confidence
[DEBUG] Wrist keypoint not available or low confidence
[DEBUG] Wrist keypoint not available or low confidence
[DEBUG] Wrist keypoint not available or low confidence
[DEBUG] Wrist keypoint not available or low confidence
[DEBUG] Wrist keypoint not available or low confidence
[DEBUG] Wrist keypoint not available or low confidence
[DEBUG] Wrist keypoint not available or low confidence
[DEBUG] Wrist keypoint not available or low confidence
[DEBUG] Wrist keypoint not available or low confidence
[DEBUG] Wrist keypoint not available or low confidence
[DEBUG] Wrist keypoint not available or low confidence
[DEBUG] Wrist keypoint not available or low confidence
[DEBUG] Wrist keypoint not available or low confidence
[DEBUG] Wrist keypoint not available or low confidence
[DEBUG] Wrist keypoint not available or low confidence
[DEBUG] Wrist keypoint not available or low confidence
[DEBUG] Wrist keypoint not available or low confidence
[DEBUG] Wrist keypoint not available or low confidence
[DEBUG] Wrist keypoint not available or low confidence
[DEBUG] Wrist keypoint not available or low confidence
[DEBUG] Wrist keypoint not available or low confidence
[DEBUG] Wrist keypoint not available or low confidence
[DEBUG] Wrist keypoint not available or low confidence
[DEBUG] Wrist keypoint not available or low confidence
[DEBUG] Wrist keypoint not available or low confidence
[DEBUG] Wrist keypoint not available or low confidence
[DEBUG] Wrist keypoint not available or low confidence
[DEBUG] Wrist keypoint not available or low confidence
[DEBUG] Wrist keypoint not available or low confidence
[DEBUG] Wrist keypoint not available or low confidence

Quitting...
Γ£ô Done
